Archive member included to satisfy reference by file (symbol)

c:/program files/stm32cubeide_1.0.2/stm32cubeide/plugins/com.st.stm32cube.ide.mcu.externaltools.gnu-tools-for-stm32.7-2018-q2-update.win32_1.0.0.201904181610/tools/bin/../lib/gcc/arm-none-eabi/7.3.1/../../../../arm-none-eabi/lib/thumb/v7-m\libc_nano.a(lib_a-errno.o)
                              Src/syscalls.o (__errno)
c:/program files/stm32cubeide_1.0.2/stm32cubeide/plugins/com.st.stm32cube.ide.mcu.externaltools.gnu-tools-for-stm32.7-2018-q2-update.win32_1.0.0.201904181610/tools/bin/../lib/gcc/arm-none-eabi/7.3.1/../../../../arm-none-eabi/lib/thumb/v7-m\libc_nano.a(lib_a-exit.o)
                              c:/program files/stm32cubeide_1.0.2/stm32cubeide/plugins/com.st.stm32cube.ide.mcu.externaltools.gnu-tools-for-stm32.7-2018-q2-update.win32_1.0.0.201904181610/tools/bin/../lib/gcc/arm-none-eabi/7.3.1/../../../../arm-none-eabi/lib/thumb/v7-m/crt0.o (exit)
c:/program files/stm32cubeide_1.0.2/stm32cubeide/plugins/com.st.stm32cube.ide.mcu.externaltools.gnu-tools-for-stm32.7-2018-q2-update.win32_1.0.0.201904181610/tools/bin/../lib/gcc/arm-none-eabi/7.3.1/../../../../arm-none-eabi/lib/thumb/v7-m\libc_nano.a(lib_a-impure.o)
                              c:/program files/stm32cubeide_1.0.2/stm32cubeide/plugins/com.st.stm32cube.ide.mcu.externaltools.gnu-tools-for-stm32.7-2018-q2-update.win32_1.0.0.201904181610/tools/bin/../lib/gcc/arm-none-eabi/7.3.1/../../../../arm-none-eabi/lib/thumb/v7-m\libc_nano.a(lib_a-exit.o) (_global_impure_ptr)
c:/program files/stm32cubeide_1.0.2/stm32cubeide/plugins/com.st.stm32cube.ide.mcu.externaltools.gnu-tools-for-stm32.7-2018-q2-update.win32_1.0.0.201904181610/tools/bin/../lib/gcc/arm-none-eabi/7.3.1/../../../../arm-none-eabi/lib/thumb/v7-m\libc_nano.a(lib_a-init.o)
                              c:/program files/stm32cubeide_1.0.2/stm32cubeide/plugins/com.st.stm32cube.ide.mcu.externaltools.gnu-tools-for-stm32.7-2018-q2-update.win32_1.0.0.201904181610/tools/bin/../lib/gcc/arm-none-eabi/7.3.1/../../../../arm-none-eabi/lib/thumb/v7-m/crt0.o (__libc_init_array)
c:/program files/stm32cubeide_1.0.2/stm32cubeide/plugins/com.st.stm32cube.ide.mcu.externaltools.gnu-tools-for-stm32.7-2018-q2-update.win32_1.0.0.201904181610/tools/bin/../lib/gcc/arm-none-eabi/7.3.1/../../../../arm-none-eabi/lib/thumb/v7-m\libc_nano.a(lib_a-memset.o)
                              c:/program files/stm32cubeide_1.0.2/stm32cubeide/plugins/com.st.stm32cube.ide.mcu.externaltools.gnu-tools-for-stm32.7-2018-q2-update.win32_1.0.0.201904181610/tools/bin/../lib/gcc/arm-none-eabi/7.3.1/../../../../arm-none-eabi/lib/thumb/v7-m/crt0.o (memset)

Allocating common symbols
Common symbol       size              file

hUsbDeviceFS        0x2c4             Src/usb_device.o
uwTick              0x4               Drivers/STM32F1xx_HAL_Driver/Src/stm32f1xx_hal.o
pFlash              0x20              Drivers/STM32F1xx_HAL_Driver/Src/stm32f1xx_hal_flash.o
hspi1               0x58              Src/main.o
hpcd_USB_FS         0x26c             Src/usbd_conf.o
USBD_StrDesc        0x200             Src/usbd_desc.o

Discarded input sections

 .text          0x0000000000000000        0x0 c:/program files/stm32cubeide_1.0.2/stm32cubeide/plugins/com.st.stm32cube.ide.mcu.externaltools.gnu-tools-for-stm32.7-2018-q2-update.win32_1.0.0.201904181610/tools/bin/../lib/gcc/arm-none-eabi/7.3.1/thumb/v7-m/crti.o
 .data          0x0000000000000000        0x0 c:/program files/stm32cubeide_1.0.2/stm32cubeide/plugins/com.st.stm32cube.ide.mcu.externaltools.gnu-tools-for-stm32.7-2018-q2-update.win32_1.0.0.201904181610/tools/bin/../lib/gcc/arm-none-eabi/7.3.1/thumb/v7-m/crti.o
 .bss           0x0000000000000000        0x0 c:/program files/stm32cubeide_1.0.2/stm32cubeide/plugins/com.st.stm32cube.ide.mcu.externaltools.gnu-tools-for-stm32.7-2018-q2-update.win32_1.0.0.201904181610/tools/bin/../lib/gcc/arm-none-eabi/7.3.1/thumb/v7-m/crti.o
 .data          0x0000000000000000        0x4 c:/program files/stm32cubeide_1.0.2/stm32cubeide/plugins/com.st.stm32cube.ide.mcu.externaltools.gnu-tools-for-stm32.7-2018-q2-update.win32_1.0.0.201904181610/tools/bin/../lib/gcc/arm-none-eabi/7.3.1/thumb/v7-m/crtbegin.o
 .text          0x0000000000000000       0x74 c:/program files/stm32cubeide_1.0.2/stm32cubeide/plugins/com.st.stm32cube.ide.mcu.externaltools.gnu-tools-for-stm32.7-2018-q2-update.win32_1.0.0.201904181610/tools/bin/../lib/gcc/arm-none-eabi/7.3.1/../../../../arm-none-eabi/lib/thumb/v7-m/crt0.o
 .data          0x0000000000000000        0x0 c:/program files/stm32cubeide_1.0.2/stm32cubeide/plugins/com.st.stm32cube.ide.mcu.externaltools.gnu-tools-for-stm32.7-2018-q2-update.win32_1.0.0.201904181610/tools/bin/../lib/gcc/arm-none-eabi/7.3.1/../../../../arm-none-eabi/lib/thumb/v7-m/crt0.o
[...]
Memory Configuration

Name             Origin             Length             Attributes
RAM              0x0000000020000000 0x0000000000005000 xrw
FLASH            0x0000000008000000 0x0000000000010000 xr
*default*        0x0000000000000000 0xffffffffffffffff

Linker script and memory map

LOAD c:/program files/stm32cubeide_1.0.2/stm32cubeide/plugins/com.st.stm32cube.ide.mcu.externaltools.gnu-tools-for-stm32.7-2018-q2-update.win32_1.0.0.201904181610/tools/bin/../lib/gcc/arm-none-eabi/7.3.1/thumb/v7-m/crti.o
LOAD c:/program files/stm32cubeide_1.0.2/stm32cubeide/plugins/com.st.stm32cube.ide.mcu.externaltools.gnu-tools-for-stm32.7-2018-q2-update.win32_1.0.0.201904181610/tools/bin/../lib/gcc/arm-none-eabi/7.3.1/thumb/v7-m/crtbegin.o
LOAD c:/program files/stm32cubeide_1.0.2/stm32cubeide/plugins/com.st.stm32cube.ide.mcu.externaltools.gnu-tools-for-stm32.7-2018-q2-update.win32_1.0.0.201904181610/tools/bin/../lib/gcc/arm-none-eabi/7.3.1/../../../../arm-none-eabi/lib/thumb/v7-m/crt0.o
LOAD Drivers/STM32F1xx_HAL_Driver/Src/stm32f1xx_hal.o
LOAD Drivers/STM32F1xx_HAL_Driver/Src/stm32f1xx_hal_cortex.o
LOAD Drivers/STM32F1xx_HAL_Driver/Src/stm32f1xx_hal_dma.o
LOAD Drivers/STM32F1xx_HAL_Driver/Src/stm32f1xx_hal_exti.o
LOAD Drivers/STM32F1xx_HAL_Driver/Src/stm32f1xx_hal_flash.o
LOAD Drivers/STM32F1xx_HAL_Driver/Src/stm32f1xx_hal_flash_ex.o
LOAD Drivers/STM32F1xx_HAL_Driver/Src/stm32f1xx_hal_gpio.o
LOAD Drivers/STM32F1xx_HAL_Driver/Src/stm32f1xx_hal_gpio_ex.o
LOAD Drivers/STM32F1xx_HAL_Driver/Src/stm32f1xx_hal_pcd.o
LOAD Drivers/STM32F1xx_HAL_Driver/Src/stm32f1xx_hal_pcd_ex.o
LOAD Drivers/STM32F1xx_HAL_Driver/Src/stm32f1xx_hal_pwr.o
LOAD Drivers/STM32F1xx_HAL_Driver/Src/stm32f1xx_hal_rcc.o
LOAD Drivers/STM32F1xx_HAL_Driver/Src/stm32f1xx_hal_rcc_ex.o
LOAD Drivers/STM32F1xx_HAL_Driver/Src/stm32f1xx_hal_spi.o
LOAD Drivers/STM32F1xx_HAL_Driver/Src/stm32f1xx_hal_tim.o
LOAD Drivers/STM32F1xx_HAL_Driver/Src/stm32f1xx_hal_tim_ex.o
LOAD Drivers/STM32F1xx_HAL_Driver/Src/stm32f1xx_ll_usb.o
LOAD Middlewares/ST/STM32_USB_Device_Library/Class/HID/Src/usbd_hid.o
LOAD Middlewares/ST/STM32_USB_Device_Library/Core/Src/usbd_core.o
LOAD Middlewares/ST/STM32_USB_Device_Library/Core/Src/usbd_ctlreq.o
LOAD Middlewares/ST/STM32_USB_Device_Library/Core/Src/usbd_ioreq.o
LOAD Src/dwt_delay.o
LOAD Src/main.o
LOAD Src/stm32f1xx_hal_msp.o
LOAD Src/stm32f1xx_it.o
LOAD Src/syscalls.o
LOAD Src/sysmem.o
LOAD Src/system_stm32f1xx.o
LOAD Src/usb_device.o
LOAD Src/usbd_conf.o
LOAD Src/usbd_desc.o
LOAD Startup/startup_stm32f103c8tx.o
START GROUP
LOAD c:/program files/stm32cubeide_1.0.2/stm32cubeide/plugins/com.st.stm32cube.ide.mcu.externaltools.gnu-tools-for-stm32.7-2018-q2-update.win32_1.0.0.201904181610/tools/bin/../lib/gcc/arm-none-eabi/7.3.1/../../../../arm-none-eabi/lib/thumb/v7-m\libc_nano.a
LOAD c:/program files/stm32cubeide_1.0.2/stm32cubeide/plugins/com.st.stm32cube.ide.mcu.externaltools.gnu-tools-for-stm32.7-2018-q2-update.win32_1.0.0.201904181610/tools/bin/../lib/gcc/arm-none-eabi/7.3.1/../../../../arm-none-eabi/lib/thumb/v7-m\libm.a
END GROUP
START GROUP
LOAD c:/program files/stm32cubeide_1.0.2/stm32cubeide/plugins/com.st.stm32cube.ide.mcu.externaltools.gnu-tools-for-stm32.7-2018-q2-update.win32_1.0.0.201904181610/tools/bin/../lib/gcc/arm-none-eabi/7.3.1/thumb/v7-m\libgcc.a
LOAD c:/program files/stm32cubeide_1.0.2/stm32cubeide/plugins/com.st.stm32cube.ide.mcu.externaltools.gnu-tools-for-stm32.7-2018-q2-update.win32_1.0.0.201904181610/tools/bin/../lib/gcc/arm-none-eabi/7.3.1/../../../../arm-none-eabi/lib/thumb/v7-m\libc_nano.a
END GROUP
START GROUP
LOAD c:/program files/stm32cubeide_1.0.2/stm32cubeide/plugins/com.st.stm32cube.ide.mcu.externaltools.gnu-tools-for-stm32.7-2018-q2-update.win32_1.0.0.201904181610/tools/bin/../lib/gcc/arm-none-eabi/7.3.1/thumb/v7-m\libgcc.a
LOAD c:/program files/stm32cubeide_1.0.2/stm32cubeide/plugins/com.st.stm32cube.ide.mcu.externaltools.gnu-tools-for-stm32.7-2018-q2-update.win32_1.0.0.201904181610/tools/bin/../lib/gcc/arm-none-eabi/7.3.1/../../../../arm-none-eabi/lib/thumb/v7-m\libc_nano.a
LOAD c:/program files/stm32cubeide_1.0.2/stm32cubeide/plugins/com.st.stm32cube.ide.mcu.externaltools.gnu-tools-for-stm32.7-2018-q2-update.win32_1.0.0.201904181610/tools/bin/../lib/gcc/arm-none-eabi/7.3.1/../../../../arm-none-eabi/lib/thumb/v7-m\libnosys.a
END GROUP
START GROUP
LOAD c:/program files/stm32cubeide_1.0.2/stm32cubeide/plugins/com.st.stm32cube.ide.mcu.externaltools.gnu-tools-for-stm32.7-2018-q2-update.win32_1.0.0.201904181610/tools/bin/../lib/gcc/arm-none-eabi/7.3.1/thumb/v7-m\libgcc.a
LOAD c:/program files/stm32cubeide_1.0.2/stm32cubeide/plugins/com.st.stm32cube.ide.mcu.externaltools.gnu-tools-for-stm32.7-2018-q2-update.win32_1.0.0.201904181610/tools/bin/../lib/gcc/arm-none-eabi/7.3.1/../../../../arm-none-eabi/lib/thumb/v7-m\libc_nano.a
LOAD c:/program files/stm32cubeide_1.0.2/stm32cubeide/plugins/com.st.stm32cube.ide.mcu.externaltools.gnu-tools-for-stm32.7-2018-q2-update.win32_1.0.0.201904181610/tools/bin/../lib/gcc/arm-none-eabi/7.3.1/../../../../arm-none-eabi/lib/thumb/v7-m\libnosys.a
END GROUP
LOAD c:/program files/stm32cubeide_1.0.2/stm32cubeide/plugins/com.st.stm32cube.ide.mcu.externaltools.gnu-tools-for-stm32.7-2018-q2-update.win32_1.0.0.201904181610/tools/bin/../lib/gcc/arm-none-eabi/7.3.1/thumb/v7-m/crtend.o
LOAD c:/program files/stm32cubeide_1.0.2/stm32cubeide/plugins/com.st.stm32cube.ide.mcu.externaltools.gnu-tools-for-stm32.7-2018-q2-update.win32_1.0.0.201904181610/tools/bin/../lib/gcc/arm-none-eabi/7.3.1/thumb/v7-m/crtn.o
                0x0000000020005000                _estack = 0x20005000
                0x0000000000000200                _Min_Heap_Size = 0x200
                0x0000000000000400                _Min_Stack_Size = 0x400

.isr_vector     0x0000000008000000      0x10c
                0x0000000008000000                . = ALIGN (0x4)
 *(.isr_vector)
 .isr_vector    0x0000000008000000      0x10c Startup/startup_stm32f103c8tx.o
                0x0000000008000000                g_pfnVectors
                0x000000000800010c                . = ALIGN (0x4)

.text           0x000000000800010c     0x3330
                0x000000000800010c                . = ALIGN (0x4)
 *(.text)
 .text          0x000000000800010c       0x40 c:/program files/stm32cubeide_1.0.2/stm32cubeide/plugins/com.st.stm32cube.ide.mcu.externaltools.gnu-tools-for-stm32.7-2018-q2-update.win32_1.0.0.201904181610/tools/bin/../lib/gcc/arm-none-eabi/7.3.1/thumb/v7-m/crtbegin.o
 *(.text*)
 .text.HAL_InitTick
                0x000000000800014c       0x48 Drivers/STM32F1xx_HAL_Driver/Src/stm32f1xx_hal.o
                0x000000000800014c                HAL_InitTick
 .text.HAL_Init
                0x0000000008000194       0x24 Drivers/STM32F1xx_HAL_Driver/Src/stm32f1xx_hal.o
                0x0000000008000194                HAL_Init
 .text.HAL_IncTick
                0x00000000080001b8       0x18 Drivers/STM32F1xx_HAL_Driver/Src/stm32f1xx_hal.o
                0x00000000080001b8                HAL_IncTick
 .text.HAL_GetTick
                0x00000000080001d0        0xc Drivers/STM32F1xx_HAL_Driver/Src/stm32f1xx_hal.o
                0x00000000080001d0                HAL_GetTick
 .text.HAL_Delay
                0x00000000080001dc       0x24 Drivers/STM32F1xx_HAL_Driver/Src/stm32f1xx_hal.o
                0x00000000080001dc                HAL_Delay
 .text.HAL_NVIC_SetPriorityGrouping
                0x0000000008000200       0x24 Drivers/STM32F1xx_HAL_Driver/Src/stm32f1xx_hal_cortex.o
                0x0000000008000200                HAL_NVIC_SetPriorityGrouping
 .text.HAL_NVIC_SetPriority
                0x0000000008000224       0x6c Drivers/STM32F1xx_HAL_Driver/Src/stm32f1xx_hal_cortex.o
                0x0000000008000224                HAL_NVIC_SetPriority
 .text.HAL_NVIC_EnableIRQ
                0x0000000008000290       0x1c Drivers/STM32F1xx_HAL_Driver/Src/stm32f1xx_hal_cortex.o
                0x0000000008000290                HAL_NVIC_EnableIRQ
 .text.HAL_SYSTICK_Config
                0x00000000080002ac       0x30 Drivers/STM32F1xx_HAL_Driver/Src/stm32f1xx_hal_cortex.o
                0x00000000080002ac                HAL_SYSTICK_Config
 .text.HAL_GPIO_Init
                0x00000000080002dc      0x1f4 Drivers/STM32F1xx_HAL_Driver/Src/stm32f1xx_hal_gpio.o
                0x00000000080002dc                HAL_GPIO_Init
 .text.HAL_GPIO_WritePin
                0x00000000080004d0        0x8 Drivers/STM32F1xx_HAL_Driver/Src/stm32f1xx_hal_gpio.o
                0x00000000080004d0                HAL_GPIO_WritePin
 .text.HAL_PCD_Init
                0x00000000080004d8       0xfc Drivers/STM32F1xx_HAL_Driver/Src/stm32f1xx_hal_pcd.o
                0x00000000080004d8                HAL_PCD_Init
 .text.HAL_PCD_Start
                0x00000000080005d4       0x30 Drivers/STM32F1xx_HAL_Driver/Src/stm32f1xx_hal_pcd.o
                0x00000000080005d4                HAL_PCD_Start
 .text.HAL_PCD_IRQHandler
                0x0000000008000604      0x4dc Drivers/STM32F1xx_HAL_Driver/Src/stm32f1xx_hal_pcd.o
                0x0000000008000604                HAL_PCD_IRQHandler
 .text.HAL_PCD_SetAddress
                0x0000000008000ae0       0x28 Drivers/STM32F1xx_HAL_Driver/Src/stm32f1xx_hal_pcd.o
                0x0000000008000ae0                HAL_PCD_SetAddress
 .text.HAL_PCD_EP_Open
                0x0000000008000b08       0x64 Drivers/STM32F1xx_HAL_Driver/Src/stm32f1xx_hal_pcd.o
                0x0000000008000b08                HAL_PCD_EP_Open
 .text.HAL_PCD_EP_Close
                0x0000000008000b6c       0x58 Drivers/STM32F1xx_HAL_Driver/Src/stm32f1xx_hal_pcd.o
                0x0000000008000b6c                HAL_PCD_EP_Close
 .text.HAL_PCD_EP_Receive
                0x0000000008000bc4       0x30 Drivers/STM32F1xx_HAL_Driver/Src/stm32f1xx_hal_pcd.o
                0x0000000008000bc4                HAL_PCD_EP_Receive
 .text.HAL_PCD_EP_Transmit
                0x0000000008000bf4       0x2c Drivers/STM32F1xx_HAL_Driver/Src/stm32f1xx_hal_pcd.o
                0x0000000008000bf4                HAL_PCD_EP_Transmit
 .text.HAL_PCD_EP_SetStall
                0x0000000008000c20       0x78 Drivers/STM32F1xx_HAL_Driver/Src/stm32f1xx_hal_pcd.o
                0x0000000008000c20                HAL_PCD_EP_SetStall
 .text.HAL_PCD_EP_ClrStall
                0x0000000008000c98       0x70 Drivers/STM32F1xx_HAL_Driver/Src/stm32f1xx_hal_pcd.o
                0x0000000008000c98                HAL_PCD_EP_ClrStall
 .text.HAL_PCDEx_PMAConfig
                0x0000000008000d08       0x38 Drivers/STM32F1xx_HAL_Driver/Src/stm32f1xx_hal_pcd_ex.o
                0x0000000008000d08                HAL_PCDEx_PMAConfig
 .text.HAL_RCC_OscConfig
                0x0000000008000d40      0x3f0 Drivers/STM32F1xx_HAL_Driver/Src/stm32f1xx_hal_rcc.o
                0x0000000008000d40                HAL_RCC_OscConfig
 .text.HAL_RCC_ClockConfig
                0x0000000008001130      0x198 Drivers/STM32F1xx_HAL_Driver/Src/stm32f1xx_hal_rcc.o
                0x0000000008001130                HAL_RCC_ClockConfig
 .text.HAL_RCCEx_PeriphCLKConfig
                0x00000000080012c8      0x104 Drivers/STM32F1xx_HAL_Driver/Src/stm32f1xx_hal_rcc_ex.o
                0x00000000080012c8                HAL_RCCEx_PeriphCLKConfig
 .text.HAL_SPI_Init
                0x00000000080013cc       0x80 Drivers/STM32F1xx_HAL_Driver/Src/stm32f1xx_hal_spi.o
                0x00000000080013cc                HAL_SPI_Init
 .text.HAL_SPI_Receive
                0x000000000800144c      0x530 Drivers/STM32F1xx_HAL_Driver/Src/stm32f1xx_hal_spi.o
                0x000000000800144c                HAL_SPI_Receive
 .text.USB_CoreInit
                0x000000000800197c       0x10 Drivers/STM32F1xx_HAL_Driver/Src/stm32f1xx_ll_usb.o
                0x000000000800197c                USB_CoreInit
 .text.USB_EnableGlobalInt
                0x000000000800198c       0x14 Drivers/STM32F1xx_HAL_Driver/Src/stm32f1xx_ll_usb.o
                0x000000000800198c                USB_EnableGlobalInt
 .text.USB_DisableGlobalInt
                0x00000000080019a0       0x14 Drivers/STM32F1xx_HAL_Driver/Src/stm32f1xx_ll_usb.o
                0x00000000080019a0                USB_DisableGlobalInt
 .text.USB_SetCurrentMode
                0x00000000080019b4        0x4 Drivers/STM32F1xx_HAL_Driver/Src/stm32f1xx_ll_usb.o
                0x00000000080019b4                USB_SetCurrentMode
 .text.USB_DevInit
                0x00000000080019b8       0x34 Drivers/STM32F1xx_HAL_Driver/Src/stm32f1xx_ll_usb.o
                0x00000000080019b8                USB_DevInit
 .text.USB_ActivateEndpoint
                0x00000000080019ec      0x310 Drivers/STM32F1xx_HAL_Driver/Src/stm32f1xx_ll_usb.o
                0x00000000080019ec                USB_ActivateEndpoint
 .text.USB_DeactivateEndpoint
                0x0000000008001cfc      0x1ac Drivers/STM32F1xx_HAL_Driver/Src/stm32f1xx_ll_usb.o
                0x0000000008001cfc                USB_DeactivateEndpoint
 .text.USB_EPStartXfer
                0x0000000008001ea8      0x250 Drivers/STM32F1xx_HAL_Driver/Src/stm32f1xx_ll_usb.o
                0x0000000008001ea8                USB_EPStartXfer
 .text.USB_EPSetStall
                0x00000000080020f8       0x44 Drivers/STM32F1xx_HAL_Driver/Src/stm32f1xx_ll_usb.o
                0x00000000080020f8                USB_EPSetStall
 .text.USB_EPClearStall
                0x000000000800213c       0xa8 Drivers/STM32F1xx_HAL_Driver/Src/stm32f1xx_ll_usb.o
                0x000000000800213c                USB_EPClearStall
 .text.USB_SetDevAddress
                0x00000000080021e4        0xc Drivers/STM32F1xx_HAL_Driver/Src/stm32f1xx_ll_usb.o
                0x00000000080021e4                USB_SetDevAddress
 .text.USB_DevConnect
                0x00000000080021f0        0x4 Drivers/STM32F1xx_HAL_Driver/Src/stm32f1xx_ll_usb.o
                0x00000000080021f0                USB_DevConnect
 .text.USB_DevDisconnect
                0x00000000080021f4        0x4 Drivers/STM32F1xx_HAL_Driver/Src/stm32f1xx_ll_usb.o
                0x00000000080021f4                USB_DevDisconnect
 .text.USB_ReadInterrupts
                0x00000000080021f8        0x8 Drivers/STM32F1xx_HAL_Driver/Src/stm32f1xx_ll_usb.o
                0x00000000080021f8                USB_ReadInterrupts
 .text.USB_EP0_OutStart
                0x0000000008002200        0x4 Drivers/STM32F1xx_HAL_Driver/Src/stm32f1xx_ll_usb.o
                0x0000000008002200                USB_EP0_OutStart
 .text.USB_ReadPMA
                0x0000000008002204       0x4c Drivers/STM32F1xx_HAL_Driver/Src/stm32f1xx_ll_usb.o
                0x0000000008002204                USB_ReadPMA
 .text.USBD_HID_GetFSCfgDesc
                0x0000000008002250        0xc Middlewares/ST/STM32_USB_Device_Library/Class/HID/Src/usbd_hid.o
 .text.USBD_HID_GetHSCfgDesc
                0x000000000800225c        0xc Middlewares/ST/STM32_USB_Device_Library/Class/HID/Src/usbd_hid.o
 .text.USBD_HID_GetOtherSpeedCfgDesc
                0x0000000008002268        0xc Middlewares/ST/STM32_USB_Device_Library/Class/HID/Src/usbd_hid.o
 .text.USBD_HID_DataIn
                0x0000000008002274        0xc Middlewares/ST/STM32_USB_Device_Library/Class/HID/Src/usbd_hid.o
 .text.USBD_HID_GetDeviceQualifierDesc
                0x0000000008002280        0xc Middlewares/ST/STM32_USB_Device_Library/Class/HID/Src/usbd_hid.o
 .text.USBD_HID_Setup
                0x000000000800228c      0x12c Middlewares/ST/STM32_USB_Device_Library/Class/HID/Src/usbd_hid.o
 .text.USBD_HID_DeInit
                0x00000000080023b8       0x20 Middlewares/ST/STM32_USB_Device_Library/Class/HID/Src/usbd_hid.o
 .text.USBD_HID_Init
                0x00000000080023d8       0x2c Middlewares/ST/STM32_USB_Device_Library/Class/HID/Src/usbd_hid.o
 .text.USBD_HID_SendReport
                0x0000000008002404       0x2c Middlewares/ST/STM32_USB_Device_Library/Class/HID/Src/usbd_hid.o
                0x0000000008002404                USBD_HID_SendReport
 .text.USBD_Init
                0x0000000008002430       0x2c Middlewares/ST/STM32_USB_Device_Library/Core/Src/usbd_core.o
                0x0000000008002430                USBD_Init
 .text.USBD_RegisterClass
                0x000000000800245c       0x10 Middlewares/ST/STM32_USB_Device_Library/Core/Src/usbd_core.o
                0x000000000800245c                USBD_RegisterClass
 .text.USBD_Start
                0x000000000800246c        0xc Middlewares/ST/STM32_USB_Device_Library/Core/Src/usbd_core.o
                0x000000000800246c                USBD_Start
 .text.USBD_SetClassConfig
                0x0000000008002478       0x14 Middlewares/ST/STM32_USB_Device_Library/Core/Src/usbd_core.o
                0x0000000008002478                USBD_SetClassConfig
 .text.USBD_ClrClassConfig
                0x000000000800248c       0x10 Middlewares/ST/STM32_USB_Device_Library/Core/Src/usbd_core.o
                0x000000000800248c                USBD_ClrClassConfig
 .text.USBD_LL_SetupStage
                0x000000000800249c       0x60 Middlewares/ST/STM32_USB_Device_Library/Core/Src/usbd_core.o
                0x000000000800249c                USBD_LL_SetupStage
 .text.USBD_LL_DataOutStage
                0x00000000080024fc       0x80 Middlewares/ST/STM32_USB_Device_Library/Core/Src/usbd_core.o
                0x00000000080024fc                USBD_LL_DataOutStage
 .text.USBD_LL_DataInStage
                0x000000000800257c       0xc0 Middlewares/ST/STM32_USB_Device_Library/Core/Src/usbd_core.o
                0x000000000800257c                USBD_LL_DataInStage
 .text.USBD_LL_Reset
                0x000000000800263c       0x50 Middlewares/ST/STM32_USB_Device_Library/Core/Src/usbd_core.o
                0x000000000800263c                USBD_LL_Reset
 .text.USBD_LL_SetSpeed
                0x000000000800268c        0x8 Middlewares/ST/STM32_USB_Device_Library/Core/Src/usbd_core.o
                0x000000000800268c                USBD_LL_SetSpeed
 .text.USBD_LL_Suspend
                0x0000000008002694       0x14 Middlewares/ST/STM32_USB_Device_Library/Core/Src/usbd_core.o
                0x0000000008002694                USBD_LL_Suspend
 .text.USBD_LL_Resume
                0x00000000080026a8       0x14 Middlewares/ST/STM32_USB_Device_Library/Core/Src/usbd_core.o
                0x00000000080026a8                USBD_LL_Resume
 .text.USBD_LL_SOF
                0x00000000080026bc       0x1c Middlewares/ST/STM32_USB_Device_Library/Core/Src/usbd_core.o
                0x00000000080026bc                USBD_LL_SOF
 .text.USBD_StdDevReq
                0x00000000080026d8      0x2fc Middlewares/ST/STM32_USB_Device_Library/Core/Src/usbd_ctlreq.o
                0x00000000080026d8                USBD_StdDevReq
 .text.USBD_StdItfReq
                0x00000000080029d4       0x58 Middlewares/ST/STM32_USB_Device_Library/Core/Src/usbd_ctlreq.o
                0x00000000080029d4                USBD_StdItfReq
 .text.USBD_StdEPReq
                0x0000000008002a2c      0x12c Middlewares/ST/STM32_USB_Device_Library/Core/Src/usbd_ctlreq.o
                0x0000000008002a2c                USBD_StdEPReq
 .text.USBD_ParseSetupRequest
                0x0000000008002b58       0x28 Middlewares/ST/STM32_USB_Device_Library/Core/Src/usbd_ctlreq.o
                0x0000000008002b58                USBD_ParseSetupRequest
 .text.USBD_CtlError
                0x0000000008002b80       0x18 Middlewares/ST/STM32_USB_Device_Library/Core/Src/usbd_ctlreq.o
                0x0000000008002b80                USBD_CtlError
 .text.USBD_GetString
                0x0000000008002b98       0x4c Middlewares/ST/STM32_USB_Device_Library/Core/Src/usbd_ctlreq.o
                0x0000000008002b98                USBD_GetString
 .text.USBD_CtlSendData
                0x0000000008002be4       0x1c Middlewares/ST/STM32_USB_Device_Library/Core/Src/usbd_ioreq.o
                0x0000000008002be4                USBD_CtlSendData
 .text.USBD_CtlContinueSendData
                0x0000000008002c00       0x10 Middlewares/ST/STM32_USB_Device_Library/Core/Src/usbd_ioreq.o
                0x0000000008002c00                USBD_CtlContinueSendData
 .text.USBD_CtlContinueRx
                0x0000000008002c10       0x10 Middlewares/ST/STM32_USB_Device_Library/Core/Src/usbd_ioreq.o
                0x0000000008002c10                USBD_CtlContinueRx
 .text.USBD_CtlSendStatus
                0x0000000008002c20       0x18 Middlewares/ST/STM32_USB_Device_Library/Core/Src/usbd_ioreq.o
                0x0000000008002c20                USBD_CtlSendStatus
 .text.USBD_CtlReceiveStatus
                0x0000000008002c38       0x18 Middlewares/ST/STM32_USB_Device_Library/Core/Src/usbd_ioreq.o
                0x0000000008002c38                USBD_CtlReceiveStatus
 .text.DWT_Init
                0x0000000008002c50       0x28 Src/dwt_delay.o
                0x0000000008002c50                DWT_Init
 .text.DWT_Delay
                0x0000000008002c78       0x30 Src/dwt_delay.o
                0x0000000008002c78                DWT_Delay
 .text.SystemClock_Config
                0x0000000008002ca8       0x68 Src/main.o
                0x0000000008002ca8                SystemClock_Config
 .text.startup.main
                0x0000000008002d10      0x110 Src/main.o
                0x0000000008002d10                main
 .text.Error_Handler
                0x0000000008002e20        0x4 Src/main.o
                0x0000000008002e20                Error_Handler
 .text.HAL_MspInit
                0x0000000008002e24       0x44 Src/stm32f1xx_hal_msp.o
                0x0000000008002e24                HAL_MspInit
 .text.HAL_SPI_MspInit
                0x0000000008002e68       0x74 Src/stm32f1xx_hal_msp.o
                0x0000000008002e68                HAL_SPI_MspInit
 .text.NMI_Handler
                0x0000000008002edc        0x4 Src/stm32f1xx_it.o
                0x0000000008002edc                NMI_Handler
 .text.HardFault_Handler
                0x0000000008002ee0        0x4 Src/stm32f1xx_it.o
                0x0000000008002ee0                HardFault_Handler
 .text.MemManage_Handler
                0x0000000008002ee4        0x4 Src/stm32f1xx_it.o
                0x0000000008002ee4                MemManage_Handler
 .text.BusFault_Handler
                0x0000000008002ee8        0x4 Src/stm32f1xx_it.o
                0x0000000008002ee8                BusFault_Handler
 .text.UsageFault_Handler
                0x0000000008002eec        0x4 Src/stm32f1xx_it.o
                0x0000000008002eec                UsageFault_Handler
 .text.SVC_Handler
                0x0000000008002ef0        0x4 Src/stm32f1xx_it.o
                0x0000000008002ef0                SVC_Handler
 .text.DebugMon_Handler
                0x0000000008002ef4        0x4 Src/stm32f1xx_it.o
                0x0000000008002ef4                DebugMon_Handler
 .text.PendSV_Handler
                0x0000000008002ef8        0x4 Src/stm32f1xx_it.o
                0x0000000008002ef8                PendSV_Handler
 .text.SysTick_Handler
                0x0000000008002efc        0x4 Src/stm32f1xx_it.o
                0x0000000008002efc                SysTick_Handler
 .text.USB_LP_CAN1_RX0_IRQHandler
                0x0000000008002f00        0xc Src/stm32f1xx_it.o
                0x0000000008002f00                USB_LP_CAN1_RX0_IRQHandler
 .text.SystemInit
                0x0000000008002f0c       0x50 Src/system_stm32f1xx.o
                0x0000000008002f0c                SystemInit
 .text.get_usbd_handle_ptr
                0x0000000008002f5c        0x8 Src/usb_device.o
                0x0000000008002f5c                get_usbd_handle_ptr
 .text.MX_USB_DEVICE_Init
                0x0000000008002f64       0x44 Src/usb_device.o
                0x0000000008002f64                MX_USB_DEVICE_Init
 .text.HAL_PCD_MspInit
                0x0000000008002fa8       0x40 Src/usbd_conf.o
                0x0000000008002fa8                HAL_PCD_MspInit
 .text.HAL_PCD_SetupStageCallback
                0x0000000008002fe8        0xc Src/usbd_conf.o
                0x0000000008002fe8                HAL_PCD_SetupStageCallback
 .text.HAL_PCD_DataOutStageCallback
                0x0000000008002ff4       0x10 Src/usbd_conf.o
                0x0000000008002ff4                HAL_PCD_DataOutStageCallback
 .text.HAL_PCD_DataInStageCallback
                0x0000000008003004       0x10 Src/usbd_conf.o
                0x0000000008003004                HAL_PCD_DataInStageCallback
 .text.HAL_PCD_SOFCallback
                0x0000000008003014        0x8 Src/usbd_conf.o
                0x0000000008003014                HAL_PCD_SOFCallback
 .text.HAL_PCD_ResetCallback
                0x000000000800301c       0x24 Src/usbd_conf.o
                0x000000000800301c                HAL_PCD_ResetCallback
 .text.HAL_PCD_SuspendCallback
                0x0000000008003040       0x20 Src/usbd_conf.o
                0x0000000008003040                HAL_PCD_SuspendCallback
 .text.HAL_PCD_ResumeCallback
                0x0000000008003060        0x8 Src/usbd_conf.o
                0x0000000008003060                HAL_PCD_ResumeCallback
 .text.USBD_LL_Init
                0x0000000008003068       0x68 Src/usbd_conf.o
                0x0000000008003068                USBD_LL_Init
 .text.USBD_LL_Start
                0x00000000080030d0       0x1c Src/usbd_conf.o
                0x00000000080030d0                USBD_LL_Start
 .text.USBD_LL_OpenEP
                0x00000000080030ec       0x20 Src/usbd_conf.o
                0x00000000080030ec                USBD_LL_OpenEP
 .text.USBD_LL_CloseEP
                0x000000000800310c       0x1c Src/usbd_conf.o
                0x000000000800310c                USBD_LL_CloseEP
 .text.USBD_LL_StallEP
                0x0000000008003128       0x1c Src/usbd_conf.o
                0x0000000008003128                USBD_LL_StallEP
 .text.USBD_LL_ClearStallEP
                0x0000000008003144       0x1c Src/usbd_conf.o
                0x0000000008003144                USBD_LL_ClearStallEP
 .text.USBD_LL_IsStallEP
                0x0000000008003160       0x20 Src/usbd_conf.o
                0x0000000008003160                USBD_LL_IsStallEP
 .text.USBD_LL_SetUSBAddress
                0x0000000008003180       0x1c Src/usbd_conf.o
                0x0000000008003180                USBD_LL_SetUSBAddress
 .text.USBD_LL_Transmit
                0x000000000800319c       0x1c Src/usbd_conf.o
                0x000000000800319c                USBD_LL_Transmit
 .text.USBD_LL_PrepareReceive
                0x00000000080031b8       0x1c Src/usbd_conf.o
                0x00000000080031b8                USBD_LL_PrepareReceive
 .text.USBD_static_malloc
                0x00000000080031d4        0x8 Src/usbd_conf.o
                0x00000000080031d4                USBD_static_malloc
 .text.USBD_static_free
                0x00000000080031dc        0x4 Src/usbd_conf.o
                0x00000000080031dc                USBD_static_free
 .text.HAL_PCDEx_SetConnectionState
                0x00000000080031e0        0x4 Src/usbd_conf.o
                0x00000000080031e0                HAL_PCDEx_SetConnectionState
 .text.USBD_FS_DeviceDescriptor
                0x00000000080031e4        0xc Src/usbd_desc.o
                0x00000000080031e4                USBD_FS_DeviceDescriptor
 .text.USBD_FS_LangIDStrDescriptor
                0x00000000080031f0        0xc Src/usbd_desc.o
                0x00000000080031f0                USBD_FS_LangIDStrDescriptor
 .text.USBD_FS_ManufacturerStrDescriptor
                0x00000000080031fc       0x1c Src/usbd_desc.o
                0x00000000080031fc                USBD_FS_ManufacturerStrDescriptor
 .text.USBD_FS_ProductStrDescriptor
                0x0000000008003218       0x1c Src/usbd_desc.o
                0x0000000008003218                USBD_FS_ProductStrDescriptor
 .text.USBD_FS_ConfigStrDescriptor
                0x0000000008003234       0x1c Src/usbd_desc.o
                0x0000000008003234                USBD_FS_ConfigStrDescriptor
 .text.USBD_FS_InterfaceStrDescriptor
                0x0000000008003250       0x1c Src/usbd_desc.o
                0x0000000008003250                USBD_FS_InterfaceStrDescriptor
 .text.USBD_FS_SerialStrDescriptor
                0x000000000800326c      0x124 Src/usbd_desc.o
                0x000000000800326c                USBD_FS_SerialStrDescriptor
 .text.Reset_Handler
                0x0000000008003390       0x48 Startup/startup_stm32f103c8tx.o
                0x0000000008003390                Reset_Handler
 .text.Default_Handler
                0x00000000080033d8        0x2 Startup/startup_stm32f103c8tx.o
                0x00000000080033d8                RTC_Alarm_IRQHandler
                0x00000000080033d8                EXTI2_IRQHandler
                0x00000000080033d8                TIM1_CC_IRQHandler
                0x00000000080033d8                PVD_IRQHandler
                0x00000000080033d8                EXTI3_IRQHandler
                0x00000000080033d8                EXTI0_IRQHandler
                0x00000000080033d8                I2C2_EV_IRQHandler
                0x00000000080033d8                ADC1_2_IRQHandler
                0x00000000080033d8                SPI1_IRQHandler
                0x00000000080033d8                TAMPER_IRQHandler
                0x00000000080033d8                DMA1_Channel4_IRQHandler
                0x00000000080033d8                USART3_IRQHandler
                0x00000000080033d8                RTC_IRQHandler
                0x00000000080033d8                DMA1_Channel7_IRQHandler
                0x00000000080033d8                CAN1_RX1_IRQHandler
                0x00000000080033d8                TIM4_IRQHandler
                0x00000000080033d8                I2C1_EV_IRQHandler
                0x00000000080033d8                DMA1_Channel6_IRQHandler
                0x00000000080033d8                TIM3_IRQHandler
                0x00000000080033d8                RCC_IRQHandler
                0x00000000080033d8                TIM1_TRG_COM_IRQHandler
                0x00000000080033d8                DMA1_Channel1_IRQHandler
                0x00000000080033d8                Default_Handler
                0x00000000080033d8                EXTI15_10_IRQHandler
                0x00000000080033d8                EXTI9_5_IRQHandler
                0x00000000080033d8                SPI2_IRQHandler
                0x00000000080033d8                DMA1_Channel5_IRQHandler
                0x00000000080033d8                EXTI4_IRQHandler
                0x00000000080033d8                USB_HP_CAN1_TX_IRQHandler
                0x00000000080033d8                DMA1_Channel3_IRQHandler
                0x00000000080033d8                TIM1_UP_IRQHandler
                0x00000000080033d8                WWDG_IRQHandler
                0x00000000080033d8                TIM2_IRQHandler
                0x00000000080033d8                TIM1_BRK_IRQHandler
                0x00000000080033d8                EXTI1_IRQHandler
                0x00000000080033d8                USART2_IRQHandler
                0x00000000080033d8                I2C2_ER_IRQHandler
                0x00000000080033d8                DMA1_Channel2_IRQHandler
                0x00000000080033d8                CAN1_SCE_IRQHandler
                0x00000000080033d8                FLASH_IRQHandler
                0x00000000080033d8                USART1_IRQHandler
                0x00000000080033d8                I2C1_ER_IRQHandler
                0x00000000080033d8                USBWakeUp_IRQHandler
 *fill*         0x00000000080033da        0x2 
 .text.__libc_init_array
                0x00000000080033dc       0x48 c:/program files/stm32cubeide_1.0.2/stm32cubeide/plugins/com.st.stm32cube.ide.mcu.externaltools.gnu-tools-for-stm32.7-2018-q2-update.win32_1.0.0.201904181610/tools/bin/../lib/gcc/arm-none-eabi/7.3.1/../../../../arm-none-eabi/lib/thumb/v7-m\libc_nano.a(lib_a-init.o)
                0x00000000080033dc                __libc_init_array
 *(.glue_7)
 .glue_7        0x0000000008003424        0x0 linker stubs
 *(.glue_7t)
 .glue_7t       0x0000000008003424        0x0 linker stubs
 *(.eh_frame)
 .eh_frame      0x0000000008003424        0x0 c:/program files/stm32cubeide_1.0.2/stm32cubeide/plugins/com.st.stm32cube.ide.mcu.externaltools.gnu-tools-for-stm32.7-2018-q2-update.win32_1.0.0.201904181610/tools/bin/../lib/gcc/arm-none-eabi/7.3.1/thumb/v7-m/crtbegin.o
 *(.init)
 .init          0x0000000008003424        0x4 c:/program files/stm32cubeide_1.0.2/stm32cubeide/plugins/com.st.stm32cube.ide.mcu.externaltools.gnu-tools-for-stm32.7-2018-q2-update.win32_1.0.0.201904181610/tools/bin/../lib/gcc/arm-none-eabi/7.3.1/thumb/v7-m/crti.o
                0x0000000008003424                _init
 .init          0x0000000008003428        0x8 c:/program files/stm32cubeide_1.0.2/stm32cubeide/plugins/com.st.stm32cube.ide.mcu.externaltools.gnu-tools-for-stm32.7-2018-q2-update.win32_1.0.0.201904181610/tools/bin/../lib/gcc/arm-none-eabi/7.3.1/thumb/v7-m/crtn.o
 *(.fini)
 .fini          0x0000000008003430        0x4 c:/program files/stm32cubeide_1.0.2/stm32cubeide/plugins/com.st.stm32cube.ide.mcu.externaltools.gnu-tools-for-stm32.7-2018-q2-update.win32_1.0.0.201904181610/tools/bin/../lib/gcc/arm-none-eabi/7.3.1/thumb/v7-m/crti.o
                0x0000000008003430                _fini
 .fini          0x0000000008003434        0x8 c:/program files/stm32cubeide_1.0.2/stm32cubeide/plugins/com.st.stm32cube.ide.mcu.externaltools.gnu-tools-for-stm32.7-2018-q2-update.win32_1.0.0.201904181610/tools/bin/../lib/gcc/arm-none-eabi/7.3.1/thumb/v7-m/crtn.o
                0x000000000800343c                . = ALIGN (0x4)
                0x000000000800343c                _etext = .

.vfp11_veneer   0x000000000800343c        0x0
 .vfp11_veneer  0x000000000800343c        0x0 linker stubs

.v4_bx          0x000000000800343c        0x0
 .v4_bx         0x000000000800343c        0x0 linker stubs

.iplt           0x000000000800343c        0x0
 .iplt          0x000000000800343c        0x0 c:/program files/stm32cubeide_1.0.2/stm32cubeide/plugins/com.st.stm32cube.ide.mcu.externaltools.gnu-tools-for-stm32.7-2018-q2-update.win32_1.0.0.201904181610/tools/bin/../lib/gcc/arm-none-eabi/7.3.1/thumb/v7-m/crtbegin.o

.rodata         0x000000000800343c       0x6c
                0x000000000800343c                . = ALIGN (0x4)
 *(.rodata)
 .rodata        0x000000000800343c       0x10 Drivers/STM32F1xx_HAL_Driver/Src/stm32f1xx_hal_rcc.o
 *(.rodata*)
 .rodata.AHBPrescTable
                0x000000000800344c       0x10 Src/system_stm32f1xx.o
                0x000000000800344c                AHBPrescTable
 .rodata.CSWTCH.3
                0x000000000800345c        0x4 Src/usbd_conf.o
 .rodata.USBD_FS_ConfigStrDescriptor.str1.4
                0x0000000008003460        0xb Src/usbd_desc.o
 *fill*         0x000000000800346b        0x1 
 .rodata.USBD_FS_InterfaceStrDescriptor.str1.4
                0x000000000800346c        0xe Src/usbd_desc.o
 *fill*         0x000000000800347a        0x2 
 .rodata.USBD_FS_ManufacturerStrDescriptor.str1.4
                0x000000000800347c       0x13 Src/usbd_desc.o
 *fill*         0x000000000800348f        0x1 
 .rodata.USBD_FS_ProductStrDescriptor.str1.4
                0x0000000008003490       0x18 Src/usbd_desc.o
                                         0x16 (size before relaxing)
                0x00000000080034a8                . = ALIGN (0x4)

.rel.dyn        0x00000000080034a8        0x0
 .rel.iplt      0x00000000080034a8        0x0 c:/program files/stm32cubeide_1.0.2/stm32cubeide/plugins/com.st.stm32cube.ide.mcu.externaltools.gnu-tools-for-stm32.7-2018-q2-update.win32_1.0.0.201904181610/tools/bin/../lib/gcc/arm-none-eabi/7.3.1/thumb/v7-m/crtbegin.o

.ARM.extab      0x00000000080034a8        0x0
                0x00000000080034a8                . = ALIGN (0x4)
 *(.ARM.extab* .gnu.linkonce.armextab.*)
                0x00000000080034a8                . = ALIGN (0x4)

.ARM            0x00000000080034a8        0x0
                0x00000000080034a8                . = ALIGN (0x4)
                0x00000000080034a8                __exidx_start = .
 *(.ARM.exidx*)
                0x00000000080034a8                __exidx_end = .
                0x00000000080034a8                . = ALIGN (0x4)

.preinit_array  0x00000000080034a8        0x0
                0x00000000080034a8                . = ALIGN (0x4)
                0x00000000080034a8                PROVIDE (__preinit_array_start = .)
 *(.preinit_array*)
                0x00000000080034a8                PROVIDE (__preinit_array_end = .)
                0x00000000080034a8                . = ALIGN (0x4)

.init_array     0x00000000080034a8        0x4
                0x00000000080034a8                . = ALIGN (0x4)
                0x00000000080034a8                PROVIDE (__init_array_start = .)
 *(SORT_BY_NAME(.init_array.*))
 *(.init_array*)
 .init_array    0x00000000080034a8        0x4 c:/program files/stm32cubeide_1.0.2/stm32cubeide/plugins/com.st.stm32cube.ide.mcu.externaltools.gnu-tools-for-stm32.7-2018-q2-update.win32_1.0.0.201904181610/tools/bin/../lib/gcc/arm-none-eabi/7.3.1/thumb/v7-m/crtbegin.o
                0x00000000080034ac                PROVIDE (__init_array_end = .)
                0x00000000080034ac                . = ALIGN (0x4)

.fini_array     0x00000000080034ac        0x4
                0x00000000080034ac                . = ALIGN (0x4)
                [!provide]                        PROVIDE (__fini_array_start = .)
 *(SORT_BY_NAME(.fini_array.*))
 *(.fini_array*)
 .fini_array    0x00000000080034ac        0x4 c:/program files/stm32cubeide_1.0.2/stm32cubeide/plugins/com.st.stm32cube.ide.mcu.externaltools.gnu-tools-for-stm32.7-2018-q2-update.win32_1.0.0.201904181610/tools/bin/../lib/gcc/arm-none-eabi/7.3.1/thumb/v7-m/crtbegin.o
                [!provide]                        PROVIDE (__fini_array_end = .)
                0x00000000080034b0                . = ALIGN (0x4)
                0x00000000080034b0                _sidata = LOADADDR (.data)

.data           0x0000000020000000      0x134 load address 0x00000000080034b0
                0x0000000020000000                . = ALIGN (0x4)
                0x0000000020000000                _sdata = .
 *(.data)
 *(.data*)
 .data.uwTickFreq
                0x0000000020000000        0x1 Drivers/STM32F1xx_HAL_Driver/Src/stm32f1xx_hal.o
                0x0000000020000000                uwTickFreq
 *fill*         0x0000000020000001        0x3 
 .data.uwTickPrio
                0x0000000020000004        0x4 Drivers/STM32F1xx_HAL_Driver/Src/stm32f1xx_hal.o
                0x0000000020000004                uwTickPrio
 .data.HID_SNES_GAMEPAD_ReportDesc
                0x0000000020000008       0x1a Middlewares/ST/STM32_USB_Device_Library/Class/HID/Src/usbd_hid.o
 *fill*         0x0000000020000022        0x2 
 .data.USBD_HID
                0x0000000020000024       0x38 Middlewares/ST/STM32_USB_Device_Library/Class/HID/Src/usbd_hid.o
                0x0000000020000024                USBD_HID
 .data.USBD_HID_CfgFSDesc
                0x000000002000005c       0x22 Middlewares/ST/STM32_USB_Device_Library/Class/HID/Src/usbd_hid.o
 *fill*         0x000000002000007e        0x2 
 .data.USBD_HID_CfgHSDesc
                0x0000000020000080       0x22 Middlewares/ST/STM32_USB_Device_Library/Class/HID/Src/usbd_hid.o
 *fill*         0x00000000200000a2        0x2 
 .data.USBD_HID_Desc
                0x00000000200000a4        0x9 Middlewares/ST/STM32_USB_Device_Library/Class/HID/Src/usbd_hid.o
 *fill*         0x00000000200000ad        0x3 
 .data.USBD_HID_DeviceQualifierDesc
                0x00000000200000b0        0xa Middlewares/ST/STM32_USB_Device_Library/Class/HID/Src/usbd_hid.o
 *fill*         0x00000000200000ba        0x2 
 .data.USBD_HID_OtherSpeedCfgDesc
                0x00000000200000bc       0x22 Middlewares/ST/STM32_USB_Device_Library/Class/HID/Src/usbd_hid.o
 *fill*         0x00000000200000de        0x2 
 .data.SystemCoreClock
                0x00000000200000e0        0x4 Src/system_stm32f1xx.o
                0x00000000200000e0                SystemCoreClock
 .data.FS_Desc  0x00000000200000e4       0x1c Src/usbd_desc.o
                0x00000000200000e4                FS_Desc
 .data.USBD_FS_DeviceDesc
                0x0000000020000100       0x12 Src/usbd_desc.o
                0x0000000020000100                USBD_FS_DeviceDesc
 *fill*         0x0000000020000112        0x2 
 .data.USBD_LangIDDesc
                0x0000000020000114        0x4 Src/usbd_desc.o
                0x0000000020000114                USBD_LangIDDesc
 .data.USBD_StringSerial
                0x0000000020000118       0x1a Src/usbd_desc.o
                0x0000000020000118                USBD_StringSerial
                0x0000000020000134                . = ALIGN (0x4)
 *fill*         0x0000000020000132        0x2 
                0x0000000020000134                _edata = .

.igot.plt       0x0000000020000134        0x0 load address 0x00000000080035e4
 .igot.plt      0x0000000020000134        0x0 c:/program files/stm32cubeide_1.0.2/stm32cubeide/plugins/com.st.stm32cube.ide.mcu.externaltools.gnu-tools-for-stm32.7-2018-q2-update.win32_1.0.0.201904181610/tools/bin/../lib/gcc/arm-none-eabi/7.3.1/thumb/v7-m/crtbegin.o
                0x0000000020000134                . = ALIGN (0x4)

.bss            0x0000000020000134      0x7c0 load address 0x00000000080035e4
                0x0000000020000134                _sbss = .
                0x0000000020000134                __bss_start__ = _sbss
 *(.bss)
 .bss           0x0000000020000134       0x1c c:/program files/stm32cubeide_1.0.2/stm32cubeide/plugins/com.st.stm32cube.ide.mcu.externaltools.gnu-tools-for-stm32.7-2018-q2-update.win32_1.0.0.201904181610/tools/bin/../lib/gcc/arm-none-eabi/7.3.1/thumb/v7-m/crtbegin.o
 *(.bss*)
 .bss.cfgidx.7750
                0x0000000020000150        0x1 Middlewares/ST/STM32_USB_Device_Library/Core/Src/usbd_ctlreq.o
 *fill*         0x0000000020000151        0x3 
 .bss.mem.7787  0x0000000020000154       0x14 Src/usbd_conf.o
 *(COMMON)
 COMMON         0x0000000020000168        0x4 Drivers/STM32F1xx_HAL_Driver/Src/stm32f1xx_hal.o
                0x0000000020000168                uwTick
 COMMON         0x000000002000016c       0x58 Src/main.o
                0x000000002000016c                hspi1
 COMMON         0x00000000200001c4      0x2c4 Src/usb_device.o
                0x00000000200001c4                hUsbDeviceFS
 COMMON         0x0000000020000488      0x26c Src/usbd_conf.o
                0x0000000020000488                hpcd_USB_FS
 COMMON         0x00000000200006f4      0x200 Src/usbd_desc.o
                0x00000000200006f4                USBD_StrDesc
                0x00000000200008f4                . = ALIGN (0x4)
                0x00000000200008f4                _ebss = .
                0x00000000200008f4                __bss_end__ = _ebss

._user_heap_stack
                0x00000000200008f4      0x604 load address 0x00000000080035e4
                0x00000000200008f8                . = ALIGN (0x8)
 *fill*         0x00000000200008f4        0x4 
                0x00000000200008f8                PROVIDE (end = .)
                [!provide]                        PROVIDE (_end = .)
                0x0000000020000af8                . = (. + _Min_Heap_Size)
 *fill*         0x00000000200008f8      0x200 
                0x0000000020000ef8                . = (. + _Min_Stack_Size)
 *fill*         0x0000000020000af8      0x400 
                0x0000000020000ef8                . = ALIGN (0x8)

/DISCARD/
 libc.a(*)
 libm.a(*)
 libgcc.a(*)

.ARM.attributes
                0x0000000000000000       0x29
 *(.ARM.attributes)
 .ARM.attributes
                0x0000000000000000       0x1d c:/program files/stm32cubeide_1.0.2/stm32cubeide/plugins/com.st.stm32cube.ide.mcu.externaltools.gnu-tools-for-stm32.7-2018-q2-update.win32_1.0.0.201904181610/tools/bin/../lib/gcc/arm-none-eabi/7.3.1/thumb/v7-m/crti.o
 .ARM.attributes
                0x000000000000001d       0x2d c:/program files/stm32cubeide_1.0.2/stm32cubeide/plugins/com.st.stm32cube.ide.mcu.externaltools.gnu-tools-for-stm32.7-2018-q2-update.win32_1.0.0.201904181610/tools/bin/../lib/gcc/arm-none-eabi/7.3.1/thumb/v7-m/crtbegin.o
 .ARM.attributes
                0x000000000000004a       0x33 Drivers/STM32F1xx_HAL_Driver/Src/stm32f1xx_hal.o
 .ARM.attributes
                0x000000000000007d       0x33 Drivers/STM32F1xx_HAL_Driver/Src/stm32f1xx_hal_cortex.o
 .ARM.attributes
                0x00000000000000b0       0x33 Drivers/STM32F1xx_HAL_Driver/Src/stm32f1xx_hal_gpio.o
 .ARM.attributes
                0x00000000000000e3       0x33 Drivers/STM32F1xx_HAL_Driver/Src/stm32f1xx_hal_pcd.o
 .ARM.attributes
                0x0000000000000116       0x33 Drivers/STM32F1xx_HAL_Driver/Src/stm32f1xx_hal_pcd_ex.o
 .ARM.attributes
                0x0000000000000149       0x33 Drivers/STM32F1xx_HAL_Driver/Src/stm32f1xx_hal_rcc.o
 .ARM.attributes
                0x000000000000017c       0x33 Drivers/STM32F1xx_HAL_Driver/Src/stm32f1xx_hal_rcc_ex.o
 .ARM.attributes
                0x00000000000001af       0x33 Drivers/STM32F1xx_HAL_Driver/Src/stm32f1xx_hal_spi.o
 .ARM.attributes
                0x00000000000001e2       0x33 Drivers/STM32F1xx_HAL_Driver/Src/stm32f1xx_ll_usb.o
 .ARM.attributes
                0x0000000000000215       0x33 Middlewares/ST/STM32_USB_Device_Library/Class/HID/Src/usbd_hid.o
 .ARM.attributes
                0x0000000000000248       0x33 Middlewares/ST/STM32_USB_Device_Library/Core/Src/usbd_core.o
 .ARM.attributes
                0x000000000000027b       0x33 Middlewares/ST/STM32_USB_Device_Library/Core/Src/usbd_ctlreq.o
 .ARM.attributes
                0x00000000000002ae       0x33 Middlewares/ST/STM32_USB_Device_Library/Core/Src/usbd_ioreq.o
 .ARM.attributes
                0x00000000000002e1       0x33 Src/dwt_delay.o
 .ARM.attributes
                0x0000000000000314       0x33 Src/main.o
 .ARM.attributes
                0x0000000000000347       0x33 Src/stm32f1xx_hal_msp.o
 .ARM.attributes
                0x000000000000037a       0x33 Src/stm32f1xx_it.o
 .ARM.attributes
                0x00000000000003ad       0x33 Src/system_stm32f1xx.o
 .ARM.attributes
                0x00000000000003e0       0x33 Src/usb_device.o
 .ARM.attributes
                0x0000000000000413       0x33 Src/usbd_conf.o
 .ARM.attributes
                0x0000000000000446       0x33 Src/usbd_desc.o
 .ARM.attributes
                0x0000000000000479       0x21 Startup/startup_stm32f103c8tx.o
 .ARM.attributes
                0x000000000000049a       0x2d c:/program files/stm32cubeide_1.0.2/stm32cubeide/plugins/com.st.stm32cube.ide.mcu.externaltools.gnu-tools-for-stm32.7-2018-q2-update.win32_1.0.0.201904181610/tools/bin/../lib/gcc/arm-none-eabi/7.3.1/../../../../arm-none-eabi/lib/thumb/v7-m\libc_nano.a(lib_a-init.o)
 .ARM.attributes
                0x00000000000004c7       0x1d c:/program files/stm32cubeide_1.0.2/stm32cubeide/plugins/com.st.stm32cube.ide.mcu.externaltools.gnu-tools-for-stm32.7-2018-q2-update.win32_1.0.0.201904181610/tools/bin/../lib/gcc/arm-none-eabi/7.3.1/thumb/v7-m/crtn.o
OUTPUT(usb_hid_snes_gamepad.elf elf32-littlearm)

.comment        0x0000000000000000       0x7b
 .comment       0x0000000000000000       0x7b Drivers/STM32F1xx_HAL_Driver/Src/stm32f1xx_hal.o
                                         0x7c (size before relaxing)
 .comment       0x000000000000007b       0x7c Drivers/STM32F1xx_HAL_Driver/Src/stm32f1xx_hal_cortex.o
 .comment       0x000000000000007b       0x7c Drivers/STM32F1xx_HAL_Driver/Src/stm32f1xx_hal_gpio.o
 .comment       0x000000000000007b       0x7c Drivers/STM32F1xx_HAL_Driver/Src/stm32f1xx_hal_pcd.o
 .comment       0x000000000000007b       0x7c Drivers/STM32F1xx_HAL_Driver/Src/stm32f1xx_hal_pcd_ex.o
 .comment       0x000000000000007b       0x7c Drivers/STM32F1xx_HAL_Driver/Src/stm32f1xx_hal_rcc.o
 .comment       0x000000000000007b       0x7c Drivers/STM32F1xx_HAL_Driver/Src/stm32f1xx_hal_rcc_ex.o
 .comment       0x000000000000007b       0x7c Drivers/STM32F1xx_HAL_Driver/Src/stm32f1xx_hal_spi.o
 .comment       0x000000000000007b       0x7c Drivers/STM32F1xx_HAL_Driver/Src/stm32f1xx_ll_usb.o
 .comment       0x000000000000007b       0x7c Middlewares/ST/STM32_USB_Device_Library/Class/HID/Src/usbd_hid.o
 .comment       0x000000000000007b       0x7c Middlewares/ST/STM32_USB_Device_Library/Core/Src/usbd_core.o
 .comment       0x000000000000007b       0x7c Middlewares/ST/STM32_USB_Device_Library/Core/Src/usbd_ctlreq.o
 .comment       0x000000000000007b       0x7c Middlewares/ST/STM32_USB_Device_Library/Core/Src/usbd_ioreq.o
 .comment       0x000000000000007b       0x7c Src/dwt_delay.o
 .comment       0x000000000000007b       0x7c Src/main.o
 .comment       0x000000000000007b       0x7c Src/stm32f1xx_hal_msp.o
 .comment       0x000000000000007b       0x7c Src/stm32f1xx_it.o
 .comment       0x000000000000007b       0x7c Src/system_stm32f1xx.o
 .comment       0x000000000000007b       0x7c Src/usb_device.o
 .comment       0x000000000000007b       0x7c Src/usbd_conf.o
 .comment       0x000000000000007b       0x7c Src/usbd_desc.o

.debug_frame    0x0000000000000000       0x2c
 .debug_frame   0x0000000000000000       0x2c c:/program files/stm32cubeide_1.0.2/stm32cubeide/plugins/com.st.stm32cube.ide.mcu.externaltools.gnu-tools-for-stm32.7-2018-q2-update.win32_1.0.0.201904181610/tools/bin/../lib/gcc/arm-none-eabi/7.3.1/../../../../arm-none-eabi/lib/thumb/v7-m\libc_nano.a(lib_a-init.o)
